// Jest Snapshot v1, https://goo.gl/fbAQLP

exports[`should render LoginPage correctly 1`] = `
<div
  className="box-layout"
>
  <div
    className="box-layout__box"
  >
    <h1
      className="box-layout__title"
    >
      Expensify
    </h1>
    <p>
      It's time to get your expenses under control.
    </p>
    <button
      className="button button--google-login"
    >
      <span
        className="button--soc-icon"
      >
        <img
          src="/images/google-ico.png"
        />
      </span>
      <span>
        Login with Google
      </span>
    </button>
    <button
      className="button button--facebook-login"
    >
      <span
        className="button--soc-icon"
      >
        <img
          src="/images/facebook-ico.png"
        />
      </span>
      <span>
        Login with Facebook
      </span>
    </button>
    <button
      className="button button--github-login"
    >
      <span
        className="button--soc-icon"
      >
        <img
          src="/images/github-ico.png"
        />
      </span>
      <span>
        Login with Github
      </span>
    </button>
    <button
      className="button button--twitter-login"
    >
      <span
        className="button--soc-icon"
      >
        <img
          src="/images/twitter-ico.png"
        />
      </span>
      <span>
        Login with Twitter
      </span>
    </button>
  </div>
</div>
`;
