// Jest Snapshot v1, https://goo.gl/fbAQLP

exports[`should render NotFoundPage correctly 1`] = `
<div
  className="not-found"
>
  <div
    className="content-container"
  >
    <h1
      className="page-header__title"
    >
      <span>
        404
      </span>
       - Page Not Found
    </h1>
    <Link
      className="button"
      replace={false}
      to="/dashboard"
    >
      Go Home
    </Link>
  </div>
  <Footer />
</div>
`;
